// Jest Snapshot v1, https://goo.gl/fbAQLP

exports[`<Loader /> <Loader /> renders correctly 1`] = `
<DocumentFragment>
  <div
    class="loader "
  >
    <div
      class="MuiCircularProgress-root loader__spinner MuiCircularProgress-colorPrimary MuiCircularProgress-indeterminate"
      role="progressbar"
      style="width: 60px; height: 60px;"
    >
      <svg
        class="MuiCircularProgress-svg"
        viewBox="22 22 44 44"
      >
        <circle
          class="MuiCircularProgress-circle MuiCircularProgress-circleIndeterminate"
          cx="44"
          cy="44"
          fill="none"
          r="20.2"
          stroke-width="3.6"
        />
      </svg>
    </div>
  </div>
</DocumentFragment>
`;
